// Jest Snapshot v1, https://goo.gl/fbAQLP

exports[`Test for <GifCard.js /> Should render component correctly 1`] = `
<article
  className="col-sm-6 col-md-4 col-lg-3 animate__animated animate__fadeIn animate_slow"
>
  <div
    className="card h-100"
  >
    <img
      alt="A title"
      className="card-img-top"
      src="https://victorpinedo.com/profile.png"
    />
    <div
      className="card-body"
    >
      <h5
        className="card-title"
      >
        A title
      </h5>
    </div>
  </div>
</article>
`;
